-- Test Setup: ThreeDeleteThreeChunks
-- SQL: SELECT * from cpu where bar != 1.0 order by bar, foo, time;
+-----+-----+--------------------------------+
| bar | foo | time                           |
+-----+-----+--------------------------------+
| 3   | you | 1970-01-01T00:00:00.000000070Z |
| 4   | me  | 1970-01-01T00:00:00.000000050Z |
| 5   | me  | 1970-01-01T00:00:00.000000060Z |
| 7   | me  | 1970-01-01T00:00:00.000000080Z |
+-----+-----+--------------------------------+
-- SQL: SELECT * from cpu where foo = 'me' and bar > 2.0 order by bar, foo, time;
+-----+-----+--------------------------------+
| bar | foo | time                           |
+-----+-----+--------------------------------+
| 4   | me  | 1970-01-01T00:00:00.000000050Z |
| 5   | me  | 1970-01-01T00:00:00.000000060Z |
| 7   | me  | 1970-01-01T00:00:00.000000080Z |
+-----+-----+--------------------------------+
-- SQL: SELECT * from cpu where bar = 1 order by bar, foo, time;
+-----+-----+--------------------------------+
| bar | foo | time                           |
+-----+-----+--------------------------------+
| 1   | me  | 1970-01-01T00:00:00.000000040Z |
| 1   | me  | 1970-01-01T00:00:00.000000042Z |
| 1   | me  | 1970-01-01T00:00:00.000000062Z |
+-----+-----+--------------------------------+
-- SQL: SELECT * from cpu where foo = 'me' and (bar > 2 or bar = 1.0) order by bar, foo, time;
+-----+-----+--------------------------------+
| bar | foo | time                           |
+-----+-----+--------------------------------+
| 1   | me  | 1970-01-01T00:00:00.000000040Z |
| 1   | me  | 1970-01-01T00:00:00.000000042Z |
| 1   | me  | 1970-01-01T00:00:00.000000062Z |
| 4   | me  | 1970-01-01T00:00:00.000000050Z |
| 5   | me  | 1970-01-01T00:00:00.000000060Z |
| 7   | me  | 1970-01-01T00:00:00.000000080Z |
+-----+-----+--------------------------------+
-- SQL: SELECT * from cpu where foo = 'you' and (bar > 3.0 or bar = 1) order by bar, foo, time;
++
++
-- SQL: SELECT min(bar) from cpu where foo = 'me' and (bar > 2 or bar = 1.0);
+--------------+
| MIN(cpu.bar) |
+--------------+
| 1            |
+--------------+
-- SQL: SELECT max(foo) from cpu where foo = 'me' and (bar > 2 or bar = 1.0);
+--------------+
| MAX(cpu.foo) |
+--------------+
| me           |
+--------------+
-- SQL: SELECT min(time) from cpu where foo = 'me' and (bar > 2 or bar = 1.0);
+--------------------------------+
| MIN(cpu.time)                  |
+--------------------------------+
| 1970-01-01T00:00:00.000000040Z |
+--------------------------------+
-- SQL: SELECT count(bar) from cpu where foo = 'me' and (bar > 2 or bar = 1.0);
+----------------+
| COUNT(cpu.bar) |
+----------------+
| 6              |
+----------------+
-- SQL: SELECT count(time) from cpu where foo = 'me' and (bar > 2 or bar = 1.0);
+-----------------+
| COUNT(cpu.time) |
+-----------------+
| 6               |
+-----------------+
-- SQL: SELECT count(*) from cpu where foo = 'me' and (bar > 2 or bar = 1.0);
+-----------------+
| COUNT(UInt8(1)) |
+-----------------+
| 6               |
+-----------------+
