-- Test Setup: TwentySortedParquetFiles
-- SQL: select count(*), sum(f) from m;
+-----------------+----------+
| COUNT(UInt8(1)) | SUM(m.f) |
+-----------------+----------+
| 21              | 33       |
+-----------------+----------+
-- SQL: EXPLAIN select count(*), sum(f) from m;
-- Results After Normalizing UUIDs
+---------------+------------------------------------------------------------------------------------------------------------------------------------------------------------------------------------------------------------------------------------------------------------------------------------------------------------------------------------------------------------------------------------------------------------------------------------------------------------------------------------------------------------------------------------------------------------------------------------------------------------------------------------------------+
| plan_type     | plan                                                                                                                                                                                                                                                                                                                                                                                                                                                                                                                                                                                                                                           |
+---------------+------------------------------------------------------------------------------------------------------------------------------------------------------------------------------------------------------------------------------------------------------------------------------------------------------------------------------------------------------------------------------------------------------------------------------------------------------------------------------------------------------------------------------------------------------------------------------------------------------------------------------------------------+
| logical_plan  | Projection: COUNT(UInt8(1)), SUM(m.f)                                                                                                                                                                                                                                                                                                                                                                                                                                                                                                                                                                                                          |
|               |   Aggregate: groupBy=[[]], aggr=[[COUNT(UInt8(1)), SUM(m.f)]]                                                                                                                                                                                                                                                                                                                                                                                                                                                                                                                                                                                  |
|               |     TableScan: m projection=[f]                                                                                                                                                                                                                                                                                                                                                                                                                                                                                                                                                                                                                |
| physical_plan | ProjectionExec: expr=[COUNT(UInt8(1))@0 as COUNT(UInt8(1)), SUM(m.f)@1 as SUM(m.f)]                                                                                                                                                                                                                                                                                                                                                                                                                                                                                                                                                            |
|               |   AggregateExec: mode=Final, gby=[], aggr=[COUNT(UInt8(1)), SUM(m.f)]                                                                                                                                                                                                                                                                                                                                                                                                                                                                                                                                                                          |
|               |     CoalescePartitionsExec                                                                                                                                                                                                                                                                                                                                                                                                                                                                                                                                                                                                                     |
|               |       AggregateExec: mode=Partial, gby=[], aggr=[COUNT(UInt8(1)), SUM(m.f)]                                                                                                                                                                                                                                                                                                                                                                                                                                                                                                                                                                    |
|               |         UnionExec                                                                                                                                                                                                                                                                                                                                                                                                                                                                                                                                                                                                                              |
|               |           ProjectionExec: expr=[f@0 as f]                                                                                                                                                                                                                                                                                                                                                                                                                                                                                                                                                                                                      |
|               |             RepartitionExec: partitioning=RoundRobinBatch(4)                                                                                                                                                                                                                                                                                                                                                                                                                                                                                                                                                                                   |
|               |               DeduplicateExec: [tag@1 ASC,time@2 ASC]                                                                                                                                                                                                                                                                                                                                                                                                                                                                                                                                                                                          |
|               |                 SortPreservingMergeExec: [tag@1 ASC,time@2 ASC]                                                                                                                                                                                                                                                                                                                                                                                                                                                                                                                                                                                |
|               |                   UnionExec                                                                                                                                                                                                                                                                                                                                                                                                                                                                                                                                                                                                                    |
|               |                     ParquetExec: limit=None, partitions={1 group: [[1/1/1/1/00000000-0000-0000-0000-000000000000.parquet]]}, output_ordering=[tag@1 ASC, time@2 ASC], projection=[f, tag, time]                                                                                                                                                                                                                                                                                                                                                                                                                                                |
|               |                     ParquetExec: limit=None, partitions={1 group: [[1/1/1/1/00000000-0000-0000-0000-000000000001.parquet]]}, output_ordering=[tag@1 ASC, time@2 ASC], projection=[f, tag, time]                                                                                                                                                                                                                                                                                                                                                                                                                                                |
|               |                     ParquetExec: limit=None, partitions={1 group: [[1/1/1/1/00000000-0000-0000-0000-000000000002.parquet]]}, output_ordering=[tag@1 ASC, time@2 ASC], projection=[f, tag, time]                                                                                                                                                                                                                                                                                                                                                                                                                                                |
|               |                     ParquetExec: limit=None, partitions={1 group: [[1/1/1/1/00000000-0000-0000-0000-000000000003.parquet]]}, output_ordering=[tag@1 ASC, time@2 ASC], projection=[f, tag, time]                                                                                                                                                                                                                                                                                                                                                                                                                                                |
|               |                     ParquetExec: limit=None, partitions={1 group: [[1/1/1/1/00000000-0000-0000-0000-000000000004.parquet]]}, output_ordering=[tag@1 ASC, time@2 ASC], projection=[f, tag, time]                                                                                                                                                                                                                                                                                                                                                                                                                                                |
|               |                     ParquetExec: limit=None, partitions={1 group: [[1/1/1/1/00000000-0000-0000-0000-000000000005.parquet]]}, output_ordering=[tag@1 ASC, time@2 ASC], projection=[f, tag, time]                                                                                                                                                                                                                                                                                                                                                                                                                                                |
|               |                     ParquetExec: limit=None, partitions={1 group: [[1/1/1/1/00000000-0000-0000-0000-000000000006.parquet]]}, output_ordering=[tag@1 ASC, time@2 ASC], projection=[f, tag, time]                                                                                                                                                                                                                                                                                                                                                                                                                                                |
|               |                     ParquetExec: limit=None, partitions={1 group: [[1/1/1/1/00000000-0000-0000-0000-000000000007.parquet]]}, output_ordering=[tag@1 ASC, time@2 ASC], projection=[f, tag, time]                                                                                                                                                                                                                                                                                                                                                                                                                                                |
|               |                     ParquetExec: limit=None, partitions={1 group: [[1/1/1/1/00000000-0000-0000-0000-000000000008.parquet]]}, output_ordering=[tag@1 ASC, time@2 ASC], projection=[f, tag, time]                                                                                                                                                                                                                                                                                                                                                                                                                                                |
|               |                     ParquetExec: limit=None, partitions={1 group: [[1/1/1/1/00000000-0000-0000-0000-000000000009.parquet]]}, output_ordering=[tag@1 ASC, time@2 ASC], projection=[f, tag, time]                                                                                                                                                                                                                                                                                                                                                                                                                                                |
|               |           ParquetExec: limit=None, partitions={4 groups: [[1/1/1/1/00000000-0000-0000-0000-00000000000a.parquet, 1/1/1/1/00000000-0000-0000-0000-00000000000b.parquet, 1/1/1/1/00000000-0000-0000-0000-00000000000c.parquet], [1/1/1/1/00000000-0000-0000-0000-00000000000d.parquet, 1/1/1/1/00000000-0000-0000-0000-00000000000e.parquet, 1/1/1/1/00000000-0000-0000-0000-00000000000f.parquet], [1/1/1/1/00000000-0000-0000-0000-000000000010.parquet, 1/1/1/1/00000000-0000-0000-0000-000000000011.parquet], [1/1/1/1/00000000-0000-0000-0000-000000000012.parquet, 1/1/1/1/00000000-0000-0000-0000-000000000013.parquet]]}, projection=[f] |
|               |                                                                                                                                                                                                                                                                                                                                                                                                                                                                                                                                                                                                                                                |
+---------------+------------------------------------------------------------------------------------------------------------------------------------------------------------------------------------------------------------------------------------------------------------------------------------------------------------------------------------------------------------------------------------------------------------------------------------------------------------------------------------------------------------------------------------------------------------------------------------------------------------------------------------------------+
