// Jest Snapshot v1, https://goo.gl/fbAQLP

exports[`CollectorList rendering renders 1`] = `
Object {
  "asFragment": [Function],
  "baseElement": <body>
    <div>
      <table
        class="index-list"
      >
        <thead
          class="index-list--header"
        >
          <tr>
            <th
              class="index-list--header-cell index-list--align-left index-list--sortable"
              style="width: 50%;"
            >
              Name
              <span
                class="index-list--sort-arrow"
              >
                <span
                  class="icon caret-down"
                />
              </span>
            </th>
            <th
              class="index-list--header-cell index-list--align-left"
              style="width: 25%;"
            >
              Bucket
            </th>
            <th
              class="index-list--header-cell index-list--align-left"
              style="width: 25%;"
            >
              
            </th>
          </tr>
        </thead>
        <tbody
          class="index-list--empty"
        >
          <tr
            class="index-list--empty-row"
          >
            <td
              colspan="3"
            >
              <div
                class="index-list--empty-cell"
                data-testid="empty-state"
              />
            </td>
          </tr>
        </tbody>
      </table>
    </div>
  </body>,
  "container": <div>
    <table
      class="index-list"
    >
      <thead
        class="index-list--header"
      >
        <tr>
          <th
            class="index-list--header-cell index-list--align-left index-list--sortable"
            style="width: 50%;"
          >
            Name
            <span
              class="index-list--sort-arrow"
            >
              <span
                class="icon caret-down"
              />
            </span>
          </th>
          <th
            class="index-list--header-cell index-list--align-left"
            style="width: 25%;"
          >
            Bucket
          </th>
          <th
            class="index-list--header-cell index-list--align-left"
            style="width: 25%;"
          >
            
          </th>
        </tr>
      </thead>
      <tbody
        class="index-list--empty"
      >
        <tr
          class="index-list--empty-row"
        >
          <td
            colspan="3"
          >
            <div
              class="index-list--empty-cell"
              data-testid="empty-state"
            />
          </td>
        </tr>
      </tbody>
    </table>
  </div>,
  "debug": [Function],
  "getAllByAltText": [Function],
  "getAllByDisplayValue": [Function],
  "getAllByLabelText": [Function],
  "getAllByPlaceholderText": [Function],
  "getAllByRole": [Function],
  "getAllBySelectText": [Function],
  "getAllByTestId": [Function],
  "getAllByText": [Function],
  "getAllByTitle": [Function],
  "getAllByValue": [Function],
  "getByAltText": [Function],
  "getByDisplayValue": [Function],
  "getByLabelText": [Function],
  "getByPlaceholderText": [Function],
  "getByRole": [Function],
  "getBySelectText": [Function],
  "getByTestId": [Function],
  "getByText": [Function],
  "getByTitle": [Function],
  "getByValue": [Function],
  "queryAllByAltText": [Function],
  "queryAllByDisplayValue": [Function],
  "queryAllByLabelText": [Function],
  "queryAllByPlaceholderText": [Function],
  "queryAllByRole": [Function],
  "queryAllBySelectText": [Function],
  "queryAllByTestId": [Function],
  "queryAllByText": [Function],
  "queryAllByTitle": [Function],
  "queryAllByValue": [Function],
  "queryByAltText": [Function],
  "queryByDisplayValue": [Function],
  "queryByLabelText": [Function],
  "queryByPlaceholderText": [Function],
  "queryByRole": [Function],
  "queryBySelectText": [Function],
  "queryByTestId": [Function],
  "queryByText": [Function],
  "queryByTitle": [Function],
  "queryByValue": [Function],
  "rerender": [Function],
  "store": Object {
    "dispatch": [Function],
    "getState": [Function],
    "replaceReducer": [Function],
    "subscribe": [Function],
    Symbol(observable): [Function],
  },
  "unmount": [Function],
}
`;
