---
source: iox_v1_query_api/src/handler.rs
description: "SHOW RETENTION POLICIES -- on `bar` database which contains one default policy and one non-default policy"
expression: res
---
{"results":[{"statement_id":0,"series":[{"name":"retention_policies","columns":["name","duration","shardGroupDuration","replicaN","futureWriteLimit","pastWriteLimit","default"],"values":[["autogen","0ns","604800s",1,"0ns","0ns",true],["short","100s","604800s",1,"0ns","0ns",false]]}]}]}
