// Jest Snapshot v1, https://goo.gl/fbAQLP

exports[`LineProtocolTabs rendering renders! 1`] = `
<Fragment>
  <Radio
    color="primary"
    shape="none"
    size="sm"
  >
    <RadioButton
      active={false}
      disabled={false}
      disabledTitleText="This option is disabled"
      id="uploadFile"
      key="uploadFile"
      onClick={[Function]}
      titleText="uploadFile"
      value="uploadFile"
    >
      uploadFile
    </RadioButton>
    <RadioButton
      active={false}
      disabled={false}
      disabledTitleText="This option is disabled"
      id="enterManually"
      key="enterManually"
      onClick={[Function]}
      titleText="enterManually"
      value="enterManually"
    >
      enterManually
    </RadioButton>
    <RadioButton
      active={false}
      disabled={false}
      disabledTitleText="This option is disabled"
      id="enterURL"
      key="enterURL"
      onClick={[Function]}
      titleText="enterURL"
      value="enterURL"
    >
      enterURL
    </RadioButton>
  </Radio>
  <div
    style={
      Object {
        "height": "400px",
        "marginTop": "30px",
        "width": "700px",
      }
    }
  />
</Fragment>
`;
