---
source: iox_query_influxql/src/plan/planner.rs
expression: "plan(\"SELECT INTEGRAL(f64_field), MEAN(i64_field) FROM data WHERE time >= '2022-10-31T02:00:00Z' AND time < '2022-10-31T02:02:00Z' GROUP BY TIME(10s) FILL(linear)\")"
---
Sort: time ASC NULLS LAST [iox::measurement:Dictionary(Int32, Utf8), time:Timestamp(Nanosecond, None);N, integral:Float64;N, mean:Float64;N]
  Projection: Dictionary(Int32, Utf8("data")) AS iox::measurement, time, sum(integral(data.f64_field)) AS integral, avg(data.i64_field) AS mean [iox::measurement:Dictionary(Int32, Utf8), time:Timestamp(Nanosecond, None);N, integral:Float64;N, mean:Float64;N]
    GapFill: series=[], time=date_bin_wallclock(IntervalMonthDayNano("IntervalMonthDayNano { months: 0, days: 0, nanoseconds: 10000000000 }"), time, TimestampNanosecond(0, None)), fill=[sum(integral(data.f64_field)), INTERPOLATE(avg(data.i64_field))], range=Included(Literal(TimestampNanosecond(1667181600000000000, None), None))..Included(Literal(TimestampNanosecond(1667181719999999999, None), None)) [time:Timestamp(Nanosecond, None);N, sum(integral(data.f64_field)):Float64;N, avg(data.i64_field):Float64;N]
      Aggregate: groupBy=[[date_bin_wallclock(IntervalMonthDayNano("IntervalMonthDayNano { months: 0, days: 0, nanoseconds: 10000000000 }"), data.time, TimestampNanosecond(0, None)) AS time]], aggr=[[sum(integral(data.f64_field)), avg(data.i64_field)]] [time:Timestamp(Nanosecond, None);N, sum(integral(data.f64_field)):Float64;N, avg(data.i64_field):Float64;N]
        WindowAggr: windowExpr=[[integral_window(data.f64_field, IntervalMonthDayNano("IntervalMonthDayNano { months: 0, days: 0, nanoseconds: 1000000000 }"), data.time, DurationNanosecond("10000000000"), DurationNanosecond("0")) ORDER BY [data.time ASC NULLS LAST] ROWS BETWEEN UNBOUNDED PRECEDING AND UNBOUNDED FOLLOWING AS integral(data.f64_field)]] [TIME:Boolean;N, bar:Dictionary(Int32, Utf8);N, bool_field:Boolean;N, f64_field:Float64;N, foo:Dictionary(Int32, Utf8);N, i64_field:Int64;N, mixedCase:Float64;N, str_field:Utf8;N, time:Timestamp(Nanosecond, None), with space:Float64;N, integral(data.f64_field):Float64;N]
          Filter: data.time >= TimestampNanosecond(1667181600000000000, None) AND data.time <= TimestampNanosecond(1667181719999999999, None) [TIME:Boolean;N, bar:Dictionary(Int32, Utf8);N, bool_field:Boolean;N, f64_field:Float64;N, foo:Dictionary(Int32, Utf8);N, i64_field:Int64;N, mixedCase:Float64;N, str_field:Utf8;N, time:Timestamp(Nanosecond, None), with space:Float64;N]
            Filter: data.f64_field IS NOT NULL OR data.i64_field IS NOT NULL [TIME:Boolean;N, bar:Dictionary(Int32, Utf8);N, bool_field:Boolean;N, f64_field:Float64;N, foo:Dictionary(Int32, Utf8);N, i64_field:Int64;N, mixedCase:Float64;N, str_field:Utf8;N, time:Timestamp(Nanosecond, None), with space:Float64;N]
              TableScan: data [TIME:Boolean;N, bar:Dictionary(Int32, Utf8);N, bool_field:Boolean;N, f64_field:Float64;N, foo:Dictionary(Int32, Utf8);N, i64_field:Int64;N, mixedCase:Float64;N, str_field:Utf8;N, time:Timestamp(Nanosecond, None), with space:Float64;N]
