---
source: iox_query_influxql/src/plan/planner.rs
expression: "plan(\"SELECT bottom(usage_idle,10) FROM cpu GROUP BY cpu\")"
---
Sort: cpu ASC NULLS LAST, time ASC NULLS LAST [iox::measurement:Dictionary(Int32, Utf8), time:Timestamp(Nanosecond, None), cpu:Dictionary(Int32, Utf8);N, bottom:Float64;N]
  Projection: Dictionary(Int32, Utf8("cpu")) AS iox::measurement, cpu.time AS time, cpu.cpu AS cpu, cpu.usage_idle AS bottom [iox::measurement:Dictionary(Int32, Utf8), time:Timestamp(Nanosecond, None), cpu:Dictionary(Int32, Utf8);N, bottom:Float64;N]
    Filter: row_number() PARTITION BY [cpu] ORDER BY [usage_idle ASC NULLS LAST, time ASC NULLS LAST] ROWS BETWEEN UNBOUNDED PRECEDING AND CURRENT ROW <= Int64(10) [cpu:Dictionary(Int32, Utf8);N, host:Dictionary(Int32, Utf8);N, region:Dictionary(Int32, Utf8);N, time:Timestamp(Nanosecond, None), usage_idle:Float64;N, usage_system:Float64;N, usage_user:Float64;N, row_number() PARTITION BY [cpu] ORDER BY [usage_idle ASC NULLS LAST, time ASC NULLS LAST] ROWS BETWEEN UNBOUNDED PRECEDING AND CURRENT ROW:UInt64]
      WindowAggr: windowExpr=[[row_number() PARTITION BY [cpu.cpu] ORDER BY [cpu.usage_idle ASC NULLS LAST, cpu.time ASC NULLS LAST] ROWS BETWEEN UNBOUNDED PRECEDING AND CURRENT ROW AS row_number() PARTITION BY [cpu] ORDER BY [usage_idle ASC NULLS LAST, time ASC NULLS LAST] ROWS BETWEEN UNBOUNDED PRECEDING AND CURRENT ROW]] [cpu:Dictionary(Int32, Utf8);N, host:Dictionary(Int32, Utf8);N, region:Dictionary(Int32, Utf8);N, time:Timestamp(Nanosecond, None), usage_idle:Float64;N, usage_system:Float64;N, usage_user:Float64;N, row_number() PARTITION BY [cpu] ORDER BY [usage_idle ASC NULLS LAST, time ASC NULLS LAST] ROWS BETWEEN UNBOUNDED PRECEDING AND CURRENT ROW:UInt64]
        Filter: cpu.usage_idle IS NOT NULL [cpu:Dictionary(Int32, Utf8);N, host:Dictionary(Int32, Utf8);N, region:Dictionary(Int32, Utf8);N, time:Timestamp(Nanosecond, None), usage_idle:Float64;N, usage_system:Float64;N, usage_user:Float64;N]
          TableScan: cpu [cpu:Dictionary(Int32, Utf8);N, host:Dictionary(Int32, Utf8);N, region:Dictionary(Int32, Utf8);N, time:Timestamp(Nanosecond, None), usage_idle:Float64;N, usage_system:Float64;N, usage_user:Float64;N]
