---
source: iox_query_influxql/src/plan/planner.rs
expression: "plan(\"SELECT cpu, usage_idle, bytes_free FROM cpu, disk GROUP BY device, non_existent\")"
---
Sort: iox::measurement ASC NULLS LAST, device ASC NULLS LAST, time ASC NULLS LAST, cpu ASC NULLS LAST [iox::measurement:Dictionary(Int32, Utf8), time:Timestamp(Nanosecond, None), device:Utf8;N, non_existent:Null;N, cpu:Utf8;N, usage_idle:Float64;N, bytes_free:Int64;N]
  Union [iox::measurement:Dictionary(Int32, Utf8), time:Timestamp(Nanosecond, None), device:Utf8;N, non_existent:Null;N, cpu:Utf8;N, usage_idle:Float64;N, bytes_free:Int64;N]
    Projection: Dictionary(Int32, Utf8("cpu")) AS iox::measurement, cpu.time AS time, CAST(NULL AS Utf8) AS device, NULL AS non_existent, CAST(cpu.cpu AS Utf8) AS cpu, cpu.usage_idle AS usage_idle, CAST(NULL AS Int64) AS bytes_free [iox::measurement:Dictionary(Int32, Utf8), time:Timestamp(Nanosecond, None), device:Utf8;N, non_existent:Null;N, cpu:Utf8;N, usage_idle:Float64;N, bytes_free:Int64;N]
      Filter: cpu.usage_idle IS NOT NULL [cpu:Dictionary(Int32, Utf8);N, host:Dictionary(Int32, Utf8);N, region:Dictionary(Int32, Utf8);N, time:Timestamp(Nanosecond, None), usage_idle:Float64;N, usage_system:Float64;N, usage_user:Float64;N]
        TableScan: cpu [cpu:Dictionary(Int32, Utf8);N, host:Dictionary(Int32, Utf8);N, region:Dictionary(Int32, Utf8);N, time:Timestamp(Nanosecond, None), usage_idle:Float64;N, usage_system:Float64;N, usage_user:Float64;N]
    Projection: Dictionary(Int32, Utf8("disk")) AS iox::measurement, disk.time AS time, CAST(disk.device AS Utf8) AS device, NULL AS non_existent, CAST(NULL AS Utf8) AS cpu, CAST(NULL AS Float64) AS usage_idle, disk.bytes_free AS bytes_free [iox::measurement:Dictionary(Int32, Utf8), time:Timestamp(Nanosecond, None), device:Utf8;N, non_existent:Null;N, cpu:Utf8;N, usage_idle:Float64;N, bytes_free:Int64;N]
      Filter: disk.bytes_free IS NOT NULL [bytes_free:Int64;N, bytes_used:Int64;N, device:Dictionary(Int32, Utf8);N, host:Dictionary(Int32, Utf8);N, region:Dictionary(Int32, Utf8);N, time:Timestamp(Nanosecond, None)]
        TableScan: disk [bytes_free:Int64;N, bytes_used:Int64;N, device:Dictionary(Int32, Utf8);N, host:Dictionary(Int32, Utf8);N, region:Dictionary(Int32, Utf8);N, time:Timestamp(Nanosecond, None)]
