---
source: iox_query_influxql/src/plan/planner.rs
expression: "plan(\"SELECT first(f64_field) * 1 FROM data GROUP BY TIME(10s) FILL(null)\")"
---
Sort: time ASC NULLS LAST [iox::measurement:Dictionary(Int32, Utf8), time:Timestamp(Nanosecond, None);N, first:Float64;N]
  Projection: Dictionary(Int32, Utf8("data")) AS iox::measurement, time, get_field(selector_first(data.f64_field,data.time), Utf8("value")) * Int64(1) AS first [iox::measurement:Dictionary(Int32, Utf8), time:Timestamp(Nanosecond, None);N, first:Float64;N]
    GapFill: series=[], time=date_bin_wallclock(IntervalMonthDayNano("IntervalMonthDayNano { months: 0, days: 0, nanoseconds: 10000000000 }"), time, TimestampNanosecond(0, None)), fill=[selector_first(data.f64_field,data.time)], range=Unbounded..Included(Literal(TimestampNanosecond(1672531200000000000, None), None)) [time:Timestamp(Nanosecond, None);N, selector_first(data.f64_field,data.time):Struct([Field { name: "value", data_type: Float64, nullable: true, dict_id: 0, dict_is_ordered: false, metadata: {} }, Field { name: "time", data_type: Timestamp(Nanosecond, None), nullable: true, dict_id: 0, dict_is_ordered: false, metadata: {} }]);N]
      Aggregate: groupBy=[[date_bin_wallclock(IntervalMonthDayNano("IntervalMonthDayNano { months: 0, days: 0, nanoseconds: 10000000000 }"), data.time, TimestampNanosecond(0, None)) AS time]], aggr=[[selector_first(data.f64_field, data.time)]] [time:Timestamp(Nanosecond, None);N, selector_first(data.f64_field,data.time):Struct([Field { name: "value", data_type: Float64, nullable: true, dict_id: 0, dict_is_ordered: false, metadata: {} }, Field { name: "time", data_type: Timestamp(Nanosecond, None), nullable: true, dict_id: 0, dict_is_ordered: false, metadata: {} }]);N]
        Filter: data.time <= TimestampNanosecond(1672531200000000000, None) [TIME:Boolean;N, bar:Dictionary(Int32, Utf8);N, bool_field:Boolean;N, f64_field:Float64;N, foo:Dictionary(Int32, Utf8);N, i64_field:Int64;N, mixedCase:Float64;N, str_field:Utf8;N, time:Timestamp(Nanosecond, None), with space:Float64;N]
          Filter: data.f64_field IS NOT NULL [TIME:Boolean;N, bar:Dictionary(Int32, Utf8);N, bool_field:Boolean;N, f64_field:Float64;N, foo:Dictionary(Int32, Utf8);N, i64_field:Int64;N, mixedCase:Float64;N, str_field:Utf8;N, time:Timestamp(Nanosecond, None), with space:Float64;N]
            TableScan: data [TIME:Boolean;N, bar:Dictionary(Int32, Utf8);N, bool_field:Boolean;N, f64_field:Float64;N, foo:Dictionary(Int32, Utf8);N, i64_field:Int64;N, mixedCase:Float64;N, str_field:Utf8;N, time:Timestamp(Nanosecond, None), with space:Float64;N]
