---
source: iox_query_influxql/src/plan/planner.rs
expression: "plan(\"SELECT sum(i64_field) / sum(i64_field) FROM all_types\")"
---
Sort: time ASC NULLS LAST [iox::measurement:Dictionary(Int32, Utf8), time:Timestamp(Nanosecond, None), sum_sum:Float64;N]
  Projection: Dictionary(Int32, Utf8("all_types")) AS iox::measurement, TimestampNanosecond(0, None) AS time, CASE WHEN CAST(sum(all_types.i64_field) AS Float64) = Float64(0) AND CAST(sum(all_types.i64_field) AS Float64) IS NOT NULL THEN Float64(0) ELSE CAST(sum(all_types.i64_field) AS Float64) / CAST(sum(all_types.i64_field) AS Float64) END AS sum_sum [iox::measurement:Dictionary(Int32, Utf8), time:Timestamp(Nanosecond, None), sum_sum:Float64;N]
    Filter: __aggr_count > Int64(0) [sum(all_types.i64_field):Int64;N, __aggr_count:Int64]
      Aggregate: groupBy=[[]], aggr=[[sum(all_types.i64_field), count(Int64(1)) AS __aggr_count]] [sum(all_types.i64_field):Int64;N, __aggr_count:Int64]
        Filter: all_types.i64_field IS NOT NULL [bool_field:Boolean;N, f64_field:Float64;N, i64_field:Int64;N, str_field:Utf8;N, tag0:Dictionary(Int32, Utf8);N, tag1:Dictionary(Int32, Utf8);N, time:Timestamp(Nanosecond, None), u64_field:UInt64;N]
          TableScan: all_types [bool_field:Boolean;N, f64_field:Float64;N, i64_field:Int64;N, str_field:Utf8;N, tag0:Dictionary(Int32, Utf8);N, tag1:Dictionary(Int32, Utf8);N, time:Timestamp(Nanosecond, None), u64_field:UInt64;N]
