---
source: iox_query_influxql/src/plan/planner.rs
expression: "plan(\"SELECT LOG(usage_idle, 8) FROM cpu\")"
---
Sort: time ASC NULLS LAST [iox::measurement:Dictionary(Int32, Utf8), time:Timestamp(Nanosecond, None), log:Float64;N]
  Projection: Dictionary(Int32, Utf8("cpu")) AS iox::measurement, cpu.time AS time, log(Float64(8), cpu.usage_idle) AS log [iox::measurement:Dictionary(Int32, Utf8), time:Timestamp(Nanosecond, None), log:Float64;N]
    Filter: cpu.usage_idle IS NOT NULL [cpu:Dictionary(Int32, Utf8);N, host:Dictionary(Int32, Utf8);N, region:Dictionary(Int32, Utf8);N, time:Timestamp(Nanosecond, None), usage_idle:Float64;N, usage_system:Float64;N, usage_user:Float64;N]
      TableScan: cpu [cpu:Dictionary(Int32, Utf8);N, host:Dictionary(Int32, Utf8);N, region:Dictionary(Int32, Utf8);N, time:Timestamp(Nanosecond, None), usage_idle:Float64;N, usage_system:Float64;N, usage_user:Float64;N]
