---
source: iox_query_influxql/src/plan/planner.rs
expression: "plan(\"SELECT f64_field FROM data WHERE time >= '2022-10-31T02:00:00Z' TZ('UTC')\")"
---
Sort: time AS time ASC NULLS LAST [iox::measurement:Dictionary(Int32, Utf8), time:Timestamp(Nanosecond, Some("UTC")), f64_field:Float64;N]
  Projection: Dictionary(Int32, Utf8("data")) AS iox::measurement, time AS time, data.f64_field AS f64_field [iox::measurement:Dictionary(Int32, Utf8), time:Timestamp(Nanosecond, Some("UTC")), f64_field:Float64;N]
    Filter: time >= TimestampNanosecond(1667181600000000000, Some("UTC")) [TIME:Boolean;N, bar:Dictionary(Int32, Utf8);N, bool_field:Boolean;N, f64_field:Float64;N, foo:Dictionary(Int32, Utf8);N, i64_field:Int64;N, mixedCase:Float64;N, str_field:Utf8;N, time:Timestamp(Nanosecond, Some("UTC")), with space:Float64;N]
      Projection: data.TIME, data.bar, data.bool_field, data.f64_field, data.foo, data.i64_field, data.mixedCase, data.str_field, tz(data.time, Utf8("UTC")) AS time, data.with space [TIME:Boolean;N, bar:Dictionary(Int32, Utf8);N, bool_field:Boolean;N, f64_field:Float64;N, foo:Dictionary(Int32, Utf8);N, i64_field:Int64;N, mixedCase:Float64;N, str_field:Utf8;N, time:Timestamp(Nanosecond, Some("UTC")), with space:Float64;N]
        Filter: data.f64_field IS NOT NULL [TIME:Boolean;N, bar:Dictionary(Int32, Utf8);N, bool_field:Boolean;N, f64_field:Float64;N, foo:Dictionary(Int32, Utf8);N, i64_field:Int64;N, mixedCase:Float64;N, str_field:Utf8;N, time:Timestamp(Nanosecond, None), with space:Float64;N]
          TableScan: data [TIME:Boolean;N, bar:Dictionary(Int32, Utf8);N, bool_field:Boolean;N, f64_field:Float64;N, foo:Dictionary(Int32, Utf8);N, i64_field:Int64;N, mixedCase:Float64;N, str_field:Utf8;N, time:Timestamp(Nanosecond, None), with space:Float64;N]
