---
source: influxdb3_catalog/src/catalog.rs
description: "catalog serialized, this snapshot is good for catching changes in catalog serialization"
expression: catalog
---
{
  "databases": [
    [
      0,
      {
        "id": 0,
        "name": "test_db",
        "tables": [
          [
            1,
            {
              "table_id": 1,
              "table_name": "test_table_1",
              "cols": {
                "bool_field": {
                  "column_id": 0,
                  "type": "bool",
                  "influx_type": "field",
                  "nullable": true
                },
                "f64_field": {
                  "column_id": 1,
                  "type": "f64",
                  "influx_type": "field",
                  "nullable": true
                },
                "i64_field": {
                  "column_id": 2,
                  "type": "i64",
                  "influx_type": "field",
                  "nullable": true
                },
                "string_field": {
                  "column_id": 3,
                  "type": "str",
                  "influx_type": "field",
                  "nullable": true
                },
                "tag_1": {
                  "column_id": 4,
                  "type": {
                    "dict": [
                      "i32",
                      "str"
                    ]
                  },
                  "influx_type": "tag",
                  "nullable": true
                },
                "tag_2": {
                  "column_id": 5,
                  "type": {
                    "dict": [
                      "i32",
                      "str"
                    ]
                  },
                  "influx_type": "tag",
                  "nullable": true
                },
                "tag_3": {
                  "column_id": 6,
                  "type": {
                    "dict": [
                      "i32",
                      "str"
                    ]
                  },
                  "influx_type": "tag",
                  "nullable": true
                },
                "time": {
                  "column_id": 7,
                  "type": {
                    "time": [
                      "ns",
                      null
                    ]
                  },
                  "influx_type": "time",
                  "nullable": false
                },
                "u64_field": {
                  "column_id": 8,
                  "type": "u64",
                  "influx_type": "field",
                  "nullable": true
                }
              },
              "column_map": [
                {
                  "column_id": 0,
                  "name": "bool_field"
                },
                {
                  "column_id": 1,
                  "name": "f64_field"
                },
                {
                  "column_id": 2,
                  "name": "i64_field"
                },
                {
                  "column_id": 3,
                  "name": "string_field"
                },
                {
                  "column_id": 4,
                  "name": "tag_1"
                },
                {
                  "column_id": 5,
                  "name": "tag_2"
                },
                {
                  "column_id": 6,
                  "name": "tag_3"
                },
                {
                  "column_id": 7,
                  "name": "time"
                },
                {
                  "column_id": 8,
                  "name": "u64_field"
                }
              ],
              "next_column_id": 9
            }
          ],
          [
            2,
            {
              "table_id": 2,
              "table_name": "test_table_2",
              "cols": {
                "bool_field": {
                  "column_id": 0,
                  "type": "bool",
                  "influx_type": "field",
                  "nullable": true
                },
                "f64_field": {
                  "column_id": 1,
                  "type": "f64",
                  "influx_type": "field",
                  "nullable": true
                },
                "i64_field": {
                  "column_id": 2,
                  "type": "i64",
                  "influx_type": "field",
                  "nullable": true
                },
                "string_field": {
                  "column_id": 3,
                  "type": "str",
                  "influx_type": "field",
                  "nullable": true
                },
                "tag_1": {
                  "column_id": 4,
                  "type": {
                    "dict": [
                      "i32",
                      "str"
                    ]
                  },
                  "influx_type": "tag",
                  "nullable": true
                },
                "tag_2": {
                  "column_id": 5,
                  "type": {
                    "dict": [
                      "i32",
                      "str"
                    ]
                  },
                  "influx_type": "tag",
                  "nullable": true
                },
                "tag_3": {
                  "column_id": 6,
                  "type": {
                    "dict": [
                      "i32",
                      "str"
                    ]
                  },
                  "influx_type": "tag",
                  "nullable": true
                },
                "time": {
                  "column_id": 7,
                  "type": {
                    "time": [
                      "ns",
                      null
                    ]
                  },
                  "influx_type": "time",
                  "nullable": false
                },
                "u64_field": {
                  "column_id": 8,
                  "type": "u64",
                  "influx_type": "field",
                  "nullable": true
                }
              },
              "column_map": [
                {
                  "column_id": 0,
                  "name": "bool_field"
                },
                {
                  "column_id": 1,
                  "name": "f64_field"
                },
                {
                  "column_id": 2,
                  "name": "i64_field"
                },
                {
                  "column_id": 3,
                  "name": "string_field"
                },
                {
                  "column_id": 4,
                  "name": "tag_1"
                },
                {
                  "column_id": 5,
                  "name": "tag_2"
                },
                {
                  "column_id": 6,
                  "name": "tag_3"
                },
                {
                  "column_id": 7,
                  "name": "time"
                },
                {
                  "column_id": 8,
                  "name": "u64_field"
                }
              ],
              "next_column_id": 9
            }
          ]
        ],
        "table_map": [
          {
            "table_id": 2,
            "name": "test_table_2"
          },
          {
            "table_id": 1,
            "name": "test_table_1"
          }
        ]
      }
    ]
  ],
  "sequence": 0,
  "host_id": "sample-host-id",
  "instance_id": "instance-id",
  "db_map": []
}
