// Jest Snapshot v1, https://goo.gl/fbAQLP

exports[`Account rendering renders! 1`] = `
<Settings
  me={
    Object {
      "id": "id-of-groot",
      "links": Object {
        "log": "/api/v2/users/id-of-groot/log",
        "self": "/api/v2/users/id-of-groot",
      },
      "name": "groot",
    }
  }
>
  <Grid>
    <Grid>
      <div
        className="cf-grid--container"
        data-testid="grid"
      >
        <GridRow>
          <div
            className="cf-grid--row"
            data-testid="grid--row"
          >
            <GridColumn
              widthXS={6}
            >
              <div
                className="cf-grid--column cf-col-xs-6"
                data-testid="grid--column"
              >
                <Panel>
                  <Panel>
                    <div
                      className="cf-panel cf-panel__light-text"
                      data-testid="panel"
                      style={
                        Object {
                          "backgroundColor": "#292933",
                        }
                      }
                    >
                      <PanelHeader>
                        <div
                          className="cf-panel--header cf-panel--header__sm"
                          data-testid="panel--header"
                        >
                          <FlexBox
                            alignItems="center"
                            direction="row"
                            justifyContent="space-between"
                            stretchToFitWidth={true}
                          >
                            <FlexBox
                              alignItems="center"
                              direction="row"
                              justifyContent="space-between"
                              stretchToFitWidth={true}
                            >
                              <div
                                className="cf-flex-box cf-flex-box__row cf-flex-box__justify-space-between cf-flex-box__align-center cf-flex-box__stretch-w"
                                data-testid="flex-box"
                              >
                                <PanelTitle>
                                  <div
                                    className="cf-panel--title cf-panel--title__sm"
                                    data-testid="panel--title"
                                  >
                                    About Me
                                  </div>
                                </PanelTitle>
                                <Button
                                  text="Edit About Me"
                                >
                                  <ButtonBase
                                    active={false}
                                    color="default"
                                    shape="none"
                                    size="sm"
                                    status="default"
                                    tabIndex={0}
                                    testID="button"
                                    titleText="Edit About Me"
                                    type="button"
                                  >
                                    <button
                                      className="cf-button cf-button-sm cf-button-default"
                                      data-testid="button"
                                      disabled={false}
                                      tabIndex={0}
                                      title="Edit About Me"
                                      type="button"
                                    >
                                      <G
                                        icon=""
                                        placeIconAfterText={false}
                                        text="Edit About Me"
                                      >
                                        <span
                                          className="cf-button--label"
                                        >
                                          Edit About Me
                                        </span>
                                      </G>
                                    </button>
                                  </ButtonBase>
                                </Button>
                              </div>
                            </FlexBox>
                          </FlexBox>
                        </div>
                      </PanelHeader>
                      <PanelBody>
                        <div
                          className="cf-panel--body cf-panel--body__sm"
                          data-testid="panel--body"
                        >
                          <Form>
                            <Form>
                              <form
                                className="cf-form--wrapper"
                                data-testid="form-container"
                                onSubmit={[Function]}
                              >
                                <FormElement
                                  label="Username"
                                >
                                  <div
                                    className="cf-form--element"
                                    data-testid="form--element"
                                  >
                                    <FormLabel
                                      label="Username"
                                    >
                                      <label
                                        className="cf-form--label"
                                        data-testid="form--label"
                                      >
                                        <span>
                                          Username
                                        </span>
                                      </label>
                                    </FormLabel>
                                    <Input
                                      onChange={[Function]}
                                      size="sm"
                                      status="disabled"
                                      testID="nameInput"
                                      titleText="Username"
                                      value="groot"
                                    >
                                      <div
                                        className="cf-input cf-input-sm cf-input__disabled"
                                        style={
                                          Object {
                                            "width": "100%",
                                          }
                                        }
                                      >
                                        <StatusIndicator
                                          shadow={true}
                                          size="sm"
                                          status="disabled"
                                          testID="nameInput"
                                        >
                                          <div
                                            className="cf-status-indicator cf-status-indicator__disabled cf-status-indicator__sm"
                                            data-testid="nameInput--disabled"
                                          >
                                            <div
                                              className="cf-status-indicator--shadow"
                                            />
                                          </div>
                                        </StatusIndicator>
                                        <input
                                          autoComplete="off"
                                          autoFocus={false}
                                          className="cf-input-field"
                                          data-testid="nameInput"
                                          disabled={true}
                                          name=""
                                          onChange={[Function]}
                                          placeholder=""
                                          required={false}
                                          spellCheck={false}
                                          title="This input is disabled"
                                          type="text"
                                          value="groot"
                                        />
                                      </div>
                                    </Input>
                                  </div>
                                </FormElement>
                              </form>
                            </Form>
                          </Form>
                        </div>
                      </PanelBody>
                    </div>
                  </Panel>
                </Panel>
              </div>
            </GridColumn>
          </div>
        </GridRow>
      </div>
    </Grid>
  </Grid>
</Settings>
`;
