// Jest Snapshot v1, https://goo.gl/fbAQLP

exports[`Account rendering renders! 1`] = `
<Settings
  me={
    Object {
      "id": "id-of-groot",
      "links": Object {
        "log": "/api/v2/users/id-of-groot/log",
        "self": "/api/v2/users/id-of-groot",
      },
      "name": "groot",
    }
  }
>
  <Grid>
    <div
      className="grid--container"
    >
      <Select
        type={[Function]}
      >
        <GridRow
          key=".0"
        >
          <div
            className="grid--row"
          >
            <GridColumn
              widthXS={6}
            >
              <div
                className="grid--column col-xs-6"
              >
                <Panel>
                  <div
                    className="panel"
                  >
                    <PanelHeader
                      title="About Me"
                    >
                      <div
                        className="panel-header"
                      >
                        <div
                          className="panel-title"
                        >
                          About Me
                        </div>
                        <div
                          className="panel-controls"
                        >
                          <ComponentSpacer
                            align="right"
                          >
                            <div
                              className="component-spacer component-spacer--right component-spacer--horizontal"
                            >
                              <t
                                active={false}
                                color="default"
                                shape="none"
                                size="sm"
                                status="default"
                                testID="button"
                                text="Edit About Me"
                                type="button"
                              >
                                <button
                                  className="button button-sm button-default"
                                  data-testid="button"
                                  disabled={false}
                                  tabIndex={0}
                                  title="Edit About Me"
                                  type="button"
                                >
                                  Edit About Me
                                </button>
                              </t>
                            </div>
                          </ComponentSpacer>
                        </div>
                      </div>
                    </PanelHeader>
                    <PanelBody>
                      <div
                        className="panel-body"
                      >
                        <Form>
                          <form
                            className="form--wrapper"
                            onSubmit={[Function]}
                          >
                            <FormElement
                              label="Username"
                            >
                              <div
                                className="form--element"
                              >
                                <FormLabel
                                  label="Username"
                                >
                                  <label
                                    className="form--label"
                                  >
                                    <span>
                                      Username
                                    </span>
                                  </label>
                                </FormLabel>
                                <Input
                                  autoFocus={false}
                                  autocomplete="off"
                                  disabledTitleText="This input is disabled"
                                  name=""
                                  onChange={[Function]}
                                  placeholder=""
                                  size="sm"
                                  spellCheck={false}
                                  status="disabled"
                                  testID="nameInput"
                                  titleText="Username"
                                  type="text"
                                  value="groot"
                                >
                                  <div
                                    className="input input-sm input--disabled"
                                    style={
                                      Object {
                                        "width": "100%",
                                      }
                                    }
                                  >
                                    <input
                                      autoComplete="off"
                                      autoFocus={false}
                                      className="input-field"
                                      data-testid="nameInput"
                                      disabled={true}
                                      name=""
                                      onChange={[Function]}
                                      placeholder=""
                                      spellCheck={false}
                                      title="This input is disabled"
                                      type="text"
                                      value="groot"
                                    />
                                    <div
                                      className="input-shadow"
                                    />
                                  </div>
                                </Input>
                              </div>
                            </FormElement>
                          </form>
                        </Form>
                      </div>
                    </PanelBody>
                  </div>
                </Panel>
                <ColorPicker
                  maintainInputFocus={false}
                  onSelect={[Function]}
                  selectedHex=""
                  testID="color-picker"
                >
                  <div
                    className="color-picker"
                    data-testid="color-picker"
                  >
                    <div
                      className="color-picker--swatches"
                    >
                      <ColorPickerSwatch
                        hex="#311F94"
                        key="Void"
                        name="Void"
                        onClick={[Function]}
                        testID="color-picker"
                      >
                        <div
                          className="color-picker--swatch"
                          data-testid="color-picker--swatch"
                          onClick={[Function]}
                          title="Void"
                        >
                          <span
                            style={
                              Object {
                                "backgroundColor": "#311F94",
                              }
                            }
                          />
                        </div>
                      </ColorPickerSwatch>
                      <ColorPickerSwatch
                        hex="#513CC6"
                        key="Amethyst"
                        name="Amethyst"
                        onClick={[Function]}
                        testID="color-picker"
                      >
                        <div
                          className="color-picker--swatch"
                          data-testid="color-picker--swatch"
                          onClick={[Function]}
                          title="Amethyst"
                        >
                          <span
                            style={
                              Object {
                                "backgroundColor": "#513CC6",
                              }
                            }
                          />
                        </div>
                      </ColorPickerSwatch>
                      <ColorPickerSwatch
                        hex="#7A65F2"
                        key="Star"
                        name="Star"
                        onClick={[Function]}
                        testID="color-picker"
                      >
                        <div
                          className="color-picker--swatch"
                          data-testid="color-picker--swatch"
                          onClick={[Function]}
                          title="Star"
                        >
                          <span
                            style={
                              Object {
                                "backgroundColor": "#7A65F2",
                              }
                            }
                          />
                        </div>
                      </ColorPickerSwatch>
                      <ColorPickerSwatch
                        hex="#9394FF"
                        key="Comet"
                        name="Comet"
                        onClick={[Function]}
                        testID="color-picker"
                      >
                        <div
                          className="color-picker--swatch"
                          data-testid="color-picker--swatch"
                          onClick={[Function]}
                          title="Comet"
                        >
                          <span
                            style={
                              Object {
                                "backgroundColor": "#9394FF",
                              }
                            }
                          />
                        </div>
                      </ColorPickerSwatch>
                      <ColorPickerSwatch
                        hex="#B1B6FF"
                        key="Potassium"
                        name="Potassium"
                        onClick={[Function]}
                        testID="color-picker"
                      >
                        <div
                          className="color-picker--swatch"
                          data-testid="color-picker--swatch"
                          onClick={[Function]}
                          title="Potassium"
                        >
                          <span
                            style={
                              Object {
                                "backgroundColor": "#B1B6FF",
                              }
                            }
                          />
                        </div>
                      </ColorPickerSwatch>
                      <ColorPickerSwatch
                        hex="#C9D0FF"
                        key="Moonstone"
                        name="Moonstone"
                        onClick={[Function]}
                        testID="color-picker"
                      >
                        <div
                          className="color-picker--swatch"
                          data-testid="color-picker--swatch"
                          onClick={[Function]}
                          title="Moonstone"
                        >
                          <span
                            style={
                              Object {
                                "backgroundColor": "#C9D0FF",
                              }
                            }
                          />
                        </div>
                      </ColorPickerSwatch>
                      <ColorPickerSwatch
                        hex="#fafafc"
                        key="Ghost"
                        name="Ghost"
                        onClick={[Function]}
                        testID="color-picker"
                      >
                        <div
                          className="color-picker--swatch"
                          data-testid="color-picker--swatch"
                          onClick={[Function]}
                          title="Ghost"
                        >
                          <span
                            style={
                              Object {
                                "backgroundColor": "#fafafc",
                              }
                            }
                          />
                        </div>
                      </ColorPickerSwatch>
                      <ColorPickerSwatch
                        hex="#c6cad3"
                        key="Chromium"
                        name="Chromium"
                        onClick={[Function]}
                        testID="color-picker"
                      >
                        <div
                          className="color-picker--swatch"
                          data-testid="color-picker--swatch"
                          onClick={[Function]}
                          title="Chromium"
                        >
                          <span
                            style={
                              Object {
                                "backgroundColor": "#c6cad3",
                              }
                            }
                          />
                        </div>
                      </ColorPickerSwatch>
                      <ColorPickerSwatch
                        hex="#757888"
                        key="Mountain"
                        name="Mountain"
                        onClick={[Function]}
                        testID="color-picker"
                      >
                        <div
                          className="color-picker--swatch"
                          data-testid="color-picker--swatch"
                          onClick={[Function]}
                          title="Mountain"
                        >
                          <span
                            style={
                              Object {
                                "backgroundColor": "#757888",
                              }
                            }
                          />
                        </div>
                      </ColorPickerSwatch>
                      <ColorPickerSwatch
                        hex="#31313d"
                        key="Onyx"
                        name="Onyx"
                        onClick={[Function]}
                        testID="color-picker"
                      >
                        <div
                          className="color-picker--swatch"
                          data-testid="color-picker--swatch"
                          onClick={[Function]}
                          title="Onyx"
                        >
                          <span
                            style={
                              Object {
                                "backgroundColor": "#31313d",
                              }
                            }
                          />
                        </div>
                      </ColorPickerSwatch>
                      <ColorPickerSwatch
                        hex="#326BBA"
                        key="Sapphire"
                        name="Sapphire"
                        onClick={[Function]}
                        testID="color-picker"
                      >
                        <div
                          className="color-picker--swatch"
                          data-testid="color-picker--swatch"
                          onClick={[Function]}
                          title="Sapphire"
                        >
                          <span
                            style={
                              Object {
                                "backgroundColor": "#326BBA",
                              }
                            }
                          />
                        </div>
                      </ColorPickerSwatch>
                      <ColorPickerSwatch
                        hex="#4591ED"
                        key="Ocean"
                        name="Ocean"
                        onClick={[Function]}
                        testID="color-picker"
                      >
                        <div
                          className="color-picker--swatch"
                          data-testid="color-picker--swatch"
                          onClick={[Function]}
                          title="Ocean"
                        >
                          <span
                            style={
                              Object {
                                "backgroundColor": "#4591ED",
                              }
                            }
                          />
                        </div>
                      </ColorPickerSwatch>
                      <ColorPickerSwatch
                        hex="#22ADF6"
                        key="Pool"
                        name="Pool"
                        onClick={[Function]}
                        testID="color-picker"
                      >
                        <div
                          className="color-picker--swatch"
                          data-testid="color-picker--swatch"
                          onClick={[Function]}
                          title="Pool"
                        >
                          <span
                            style={
                              Object {
                                "backgroundColor": "#22ADF6",
                              }
                            }
                          />
                        </div>
                      </ColorPickerSwatch>
                      <ColorPickerSwatch
                        hex="#00C9FF"
                        key="Laser"
                        name="Laser"
                        onClick={[Function]}
                        testID="color-picker"
                      >
                        <div
                          className="color-picker--swatch"
                          data-testid="color-picker--swatch"
                          onClick={[Function]}
                          title="Laser"
                        >
                          <span
                            style={
                              Object {
                                "backgroundColor": "#00C9FF",
                              }
                            }
                          />
                        </div>
                      </ColorPickerSwatch>
                      <ColorPickerSwatch
                        hex="#6BDFFF"
                        key="Hydrogen"
                        name="Hydrogen"
                        onClick={[Function]}
                        testID="color-picker"
                      >
                        <div
                          className="color-picker--swatch"
                          data-testid="color-picker--swatch"
                          onClick={[Function]}
                          title="Hydrogen"
                        >
                          <span
                            style={
                              Object {
                                "backgroundColor": "#6BDFFF",
                              }
                            }
                          />
                        </div>
                      </ColorPickerSwatch>
                      <ColorPickerSwatch
                        hex="#BEF0FF"
                        key="Neutrino"
                        name="Neutrino"
                        onClick={[Function]}
                        testID="color-picker"
                      >
                        <div
                          className="color-picker--swatch"
                          data-testid="color-picker--swatch"
                          onClick={[Function]}
                          title="Neutrino"
                        >
                          <span
                            style={
                              Object {
                                "backgroundColor": "#BEF0FF",
                              }
                            }
                          />
                        </div>
                      </ColorPickerSwatch>
                      <ColorPickerSwatch
                        hex="#f6f6f8"
                        key="Cloud"
                        name="Cloud"
                        onClick={[Function]}
                        testID="color-picker"
                      >
                        <div
                          className="color-picker--swatch"
                          data-testid="color-picker--swatch"
                          onClick={[Function]}
                          title="Cloud"
                        >
                          <span
                            style={
                              Object {
                                "backgroundColor": "#f6f6f8",
                              }
                            }
                          />
                        </div>
                      </ColorPickerSwatch>
                      <ColorPickerSwatch
                        hex="#bec2cc"
                        key="Mist"
                        name="Mist"
                        onClick={[Function]}
                        testID="color-picker"
                      >
                        <div
                          className="color-picker--swatch"
                          data-testid="color-picker--swatch"
                          onClick={[Function]}
                          title="Mist"
                        >
                          <span
                            style={
                              Object {
                                "backgroundColor": "#bec2cc",
                              }
                            }
                          />
                        </div>
                      </ColorPickerSwatch>
                      <ColorPickerSwatch
                        hex="#676978"
                        key="Storm"
                        name="Storm"
                        onClick={[Function]}
                        testID="color-picker"
                      >
                        <div
                          className="color-picker--swatch"
                          data-testid="color-picker--swatch"
                          onClick={[Function]}
                          title="Storm"
                        >
                          <span
                            style={
                              Object {
                                "backgroundColor": "#676978",
                              }
                            }
                          />
                        </div>
                      </ColorPickerSwatch>
                      <ColorPickerSwatch
                        hex="#292933"
                        key="Castle"
                        name="Castle"
                        onClick={[Function]}
                        testID="color-picker"
                      >
                        <div
                          className="color-picker--swatch"
                          data-testid="color-picker--swatch"
                          onClick={[Function]}
                          title="Castle"
                        >
                          <span
                            style={
                              Object {
                                "backgroundColor": "#292933",
                              }
                            }
                          />
                        </div>
                      </ColorPickerSwatch>
                      <ColorPickerSwatch
                        hex="#108174"
                        key="Emerald"
                        name="Emerald"
                        onClick={[Function]}
                        testID="color-picker"
                      >
                        <div
                          className="color-picker--swatch"
                          data-testid="color-picker--swatch"
                          onClick={[Function]}
                          title="Emerald"
                        >
                          <span
                            style={
                              Object {
                                "backgroundColor": "#108174",
                              }
                            }
                          />
                        </div>
                      </ColorPickerSwatch>
                      <ColorPickerSwatch
                        hex="#32B08C"
                        key="Viridian"
                        name="Viridian"
                        onClick={[Function]}
                        testID="color-picker"
                      >
                        <div
                          className="color-picker--swatch"
                          data-testid="color-picker--swatch"
                          onClick={[Function]}
                          title="Viridian"
                        >
                          <span
                            style={
                              Object {
                                "backgroundColor": "#32B08C",
                              }
                            }
                          />
                        </div>
                      </ColorPickerSwatch>
                      <ColorPickerSwatch
                        hex="#4ED8A0"
                        key="Rainforest"
                        name="Rainforest"
                        onClick={[Function]}
                        testID="color-picker"
                      >
                        <div
                          className="color-picker--swatch"
                          data-testid="color-picker--swatch"
                          onClick={[Function]}
                          title="Rainforest"
                        >
                          <span
                            style={
                              Object {
                                "backgroundColor": "#4ED8A0",
                              }
                            }
                          />
                        </div>
                      </ColorPickerSwatch>
                      <ColorPickerSwatch
                        hex="#7CE490"
                        key="Honeydew"
                        name="Honeydew"
                        onClick={[Function]}
                        testID="color-picker"
                      >
                        <div
                          className="color-picker--swatch"
                          data-testid="color-picker--swatch"
                          onClick={[Function]}
                          title="Honeydew"
                        >
                          <span
                            style={
                              Object {
                                "backgroundColor": "#7CE490",
                              }
                            }
                          />
                        </div>
                      </ColorPickerSwatch>
                      <ColorPickerSwatch
                        hex="#A5F3B4"
                        key="Krypton"
                        name="Krypton"
                        onClick={[Function]}
                        testID="color-picker"
                      >
                        <div
                          className="color-picker--swatch"
                          data-testid="color-picker--swatch"
                          onClick={[Function]}
                          title="Krypton"
                        >
                          <span
                            style={
                              Object {
                                "backgroundColor": "#A5F3B4",
                              }
                            }
                          />
                        </div>
                      </ColorPickerSwatch>
                      <ColorPickerSwatch
                        hex="#C6FFD0"
                        key="Wasabi"
                        name="Wasabi"
                        onClick={[Function]}
                        testID="color-picker"
                      >
                        <div
                          className="color-picker--swatch"
                          data-testid="color-picker--swatch"
                          onClick={[Function]}
                          title="Wasabi"
                        >
                          <span
                            style={
                              Object {
                                "backgroundColor": "#C6FFD0",
                              }
                            }
                          />
                        </div>
                      </ColorPickerSwatch>
                      <ColorPickerSwatch
                        hex="#eeeff2"
                        key="Whisper"
                        name="Whisper"
                        onClick={[Function]}
                        testID="color-picker"
                      >
                        <div
                          className="color-picker--swatch"
                          data-testid="color-picker--swatch"
                          onClick={[Function]}
                          title="Whisper"
                        >
                          <span
                            style={
                              Object {
                                "backgroundColor": "#eeeff2",
                              }
                            }
                          />
                        </div>
                      </ColorPickerSwatch>
                      <ColorPickerSwatch
                        hex="#a4a8b6"
                        key="Forge"
                        name="Forge"
                        onClick={[Function]}
                        testID="color-picker"
                      >
                        <div
                          className="color-picker--swatch"
                          data-testid="color-picker--swatch"
                          onClick={[Function]}
                          title="Forge"
                        >
                          <span
                            style={
                              Object {
                                "backgroundColor": "#a4a8b6",
                              }
                            }
                          />
                        </div>
                      </ColorPickerSwatch>
                      <ColorPickerSwatch
                        hex="#545667"
                        key="Graphite"
                        name="Graphite"
                        onClick={[Function]}
                        testID="color-picker"
                      >
                        <div
                          className="color-picker--swatch"
                          data-testid="color-picker--swatch"
                          onClick={[Function]}
                          title="Graphite"
                        >
                          <span
                            style={
                              Object {
                                "backgroundColor": "#545667",
                              }
                            }
                          />
                        </div>
                      </ColorPickerSwatch>
                      <ColorPickerSwatch
                        hex="#202028"
                        key="Kevlar"
                        name="Kevlar"
                        onClick={[Function]}
                        testID="color-picker"
                      >
                        <div
                          className="color-picker--swatch"
                          data-testid="color-picker--swatch"
                          onClick={[Function]}
                          title="Kevlar"
                        >
                          <span
                            style={
                              Object {
                                "backgroundColor": "#202028",
                              }
                            }
                          />
                        </div>
                      </ColorPickerSwatch>
                      <ColorPickerSwatch
                        hex="#E85B1C"
                        key="Topaz"
                        name="Topaz"
                        onClick={[Function]}
                        testID="color-picker"
                      >
                        <div
                          className="color-picker--swatch"
                          data-testid="color-picker--swatch"
                          onClick={[Function]}
                          title="Topaz"
                        >
                          <span
                            style={
                              Object {
                                "backgroundColor": "#E85B1C",
                              }
                            }
                          />
                        </div>
                      </ColorPickerSwatch>
                      <ColorPickerSwatch
                        hex="#F48D38"
                        key="Tiger"
                        name="Tiger"
                        onClick={[Function]}
                        testID="color-picker"
                      >
                        <div
                          className="color-picker--swatch"
                          data-testid="color-picker--swatch"
                          onClick={[Function]}
                          title="Tiger"
                        >
                          <span
                            style={
                              Object {
                                "backgroundColor": "#F48D38",
                              }
                            }
                          />
                        </div>
                      </ColorPickerSwatch>
                      <ColorPickerSwatch
                        hex="#FFB94A"
                        key="Pineapple"
                        name="Pineapple"
                        onClick={[Function]}
                        testID="color-picker"
                      >
                        <div
                          className="color-picker--swatch"
                          data-testid="color-picker--swatch"
                          onClick={[Function]}
                          title="Pineapple"
                        >
                          <span
                            style={
                              Object {
                                "backgroundColor": "#FFB94A",
                              }
                            }
                          />
                        </div>
                      </ColorPickerSwatch>
                      <ColorPickerSwatch
                        hex="#FFD255"
                        key="Thunder"
                        name="Thunder"
                        onClick={[Function]}
                        testID="color-picker"
                      >
                        <div
                          className="color-picker--swatch"
                          data-testid="color-picker--swatch"
                          onClick={[Function]}
                          title="Thunder"
                        >
                          <span
                            style={
                              Object {
                                "backgroundColor": "#FFD255",
                              }
                            }
                          />
                        </div>
                      </ColorPickerSwatch>
                      <ColorPickerSwatch
                        hex="#FFE480"
                        key="Sulfur"
                        name="Sulfur"
                        onClick={[Function]}
                        testID="color-picker"
                      >
                        <div
                          className="color-picker--swatch"
                          data-testid="color-picker--swatch"
                          onClick={[Function]}
                          title="Sulfur"
                        >
                          <span
                            style={
                              Object {
                                "backgroundColor": "#FFE480",
                              }
                            }
                          />
                        </div>
                      </ColorPickerSwatch>
                      <ColorPickerSwatch
                        hex="#FFF6B8"
                        key="Daisy"
                        name="Daisy"
                        onClick={[Function]}
                        testID="color-picker"
                      >
                        <div
                          className="color-picker--swatch"
                          data-testid="color-picker--swatch"
                          onClick={[Function]}
                          title="Daisy"
                        >
                          <span
                            style={
                              Object {
                                "backgroundColor": "#FFF6B8",
                              }
                            }
                          />
                        </div>
                      </ColorPickerSwatch>
                      <ColorPickerSwatch
                        hex="#e7e8eb"
                        key="Pearl"
                        name="Pearl"
                        onClick={[Function]}
                        testID="color-picker"
                      >
                        <div
                          className="color-picker--swatch"
                          data-testid="color-picker--swatch"
                          onClick={[Function]}
                          title="Pearl"
                        >
                          <span
                            style={
                              Object {
                                "backgroundColor": "#e7e8eb",
                              }
                            }
                          />
                        </div>
                      </ColorPickerSwatch>
                      <ColorPickerSwatch
                        hex="#999dab"
                        key="Sidewalk"
                        name="Sidewalk"
                        onClick={[Function]}
                        testID="color-picker"
                      >
                        <div
                          className="color-picker--swatch"
                          data-testid="color-picker--swatch"
                          onClick={[Function]}
                          title="Sidewalk"
                        >
                          <span
                            style={
                              Object {
                                "backgroundColor": "#999dab",
                              }
                            }
                          />
                        </div>
                      </ColorPickerSwatch>
                      <ColorPickerSwatch
                        hex="#434453"
                        key="Smoke"
                        name="Smoke"
                        onClick={[Function]}
                        testID="color-picker"
                      >
                        <div
                          className="color-picker--swatch"
                          data-testid="color-picker--swatch"
                          onClick={[Function]}
                          title="Smoke"
                        >
                          <span
                            style={
                              Object {
                                "backgroundColor": "#434453",
                              }
                            }
                          />
                        </div>
                      </ColorPickerSwatch>
                      <ColorPickerSwatch
                        hex="#1c1c21"
                        key="Raven"
                        name="Raven"
                        onClick={[Function]}
                        testID="color-picker"
                      >
                        <div
                          className="color-picker--swatch"
                          data-testid="color-picker--swatch"
                          onClick={[Function]}
                          title="Raven"
                        >
                          <span
                            style={
                              Object {
                                "backgroundColor": "#1c1c21",
                              }
                            }
                          />
                        </div>
                      </ColorPickerSwatch>
                      <ColorPickerSwatch
                        hex="#BF3D5E"
                        key="Ruby"
                        name="Ruby"
                        onClick={[Function]}
                        testID="color-picker"
                      >
                        <div
                          className="color-picker--swatch"
                          data-testid="color-picker--swatch"
                          onClick={[Function]}
                          title="Ruby"
                        >
                          <span
                            style={
                              Object {
                                "backgroundColor": "#BF3D5E",
                              }
                            }
                          />
                        </div>
                      </ColorPickerSwatch>
                      <ColorPickerSwatch
                        hex="#DC4E58"
                        key="Fire"
                        name="Fire"
                        onClick={[Function]}
                        testID="color-picker"
                      >
                        <div
                          className="color-picker--swatch"
                          data-testid="color-picker--swatch"
                          onClick={[Function]}
                          title="Fire"
                        >
                          <span
                            style={
                              Object {
                                "backgroundColor": "#DC4E58",
                              }
                            }
                          />
                        </div>
                      </ColorPickerSwatch>
                      <ColorPickerSwatch
                        hex="#F95F53"
                        key="Curacao"
                        name="Curacao"
                        onClick={[Function]}
                        testID="color-picker"
                      >
                        <div
                          className="color-picker--swatch"
                          data-testid="color-picker--swatch"
                          onClick={[Function]}
                          title="Curacao"
                        >
                          <span
                            style={
                              Object {
                                "backgroundColor": "#F95F53",
                              }
                            }
                          />
                        </div>
                      </ColorPickerSwatch>
                      <ColorPickerSwatch
                        hex="#FF8564"
                        key="Dreamsicle"
                        name="Dreamsicle"
                        onClick={[Function]}
                        testID="color-picker"
                      >
                        <div
                          className="color-picker--swatch"
                          data-testid="color-picker--swatch"
                          onClick={[Function]}
                          title="Dreamsicle"
                        >
                          <span
                            style={
                              Object {
                                "backgroundColor": "#FF8564",
                              }
                            }
                          />
                        </div>
                      </ColorPickerSwatch>
                      <ColorPickerSwatch
                        hex="#FFB6A0"
                        key="Tungsten"
                        name="Tungsten"
                        onClick={[Function]}
                        testID="color-picker"
                      >
                        <div
                          className="color-picker--swatch"
                          data-testid="color-picker--swatch"
                          onClick={[Function]}
                          title="Tungsten"
                        >
                          <span
                            style={
                              Object {
                                "backgroundColor": "#FFB6A0",
                              }
                            }
                          />
                        </div>
                      </ColorPickerSwatch>
                      <ColorPickerSwatch
                        hex="#FFDCCF"
                        key="Marmelade"
                        name="Marmelade"
                        onClick={[Function]}
                        testID="color-picker"
                      >
                        <div
                          className="color-picker--swatch"
                          data-testid="color-picker--swatch"
                          onClick={[Function]}
                          title="Marmelade"
                        >
                          <span
                            style={
                              Object {
                                "backgroundColor": "#FFDCCF",
                              }
                            }
                          />
                        </div>
                      </ColorPickerSwatch>
                      <ColorPickerSwatch
                        hex="#d4d7dd"
                        key="Platinum"
                        name="Platinum"
                        onClick={[Function]}
                        testID="color-picker"
                      >
                        <div
                          className="color-picker--swatch"
                          data-testid="color-picker--swatch"
                          onClick={[Function]}
                          title="Platinum"
                        >
                          <span
                            style={
                              Object {
                                "backgroundColor": "#d4d7dd",
                              }
                            }
                          />
                        </div>
                      </ColorPickerSwatch>
                      <ColorPickerSwatch
                        hex="#8e91a1"
                        key="Wolf"
                        name="Wolf"
                        onClick={[Function]}
                        testID="color-picker"
                      >
                        <div
                          className="color-picker--swatch"
                          data-testid="color-picker--swatch"
                          onClick={[Function]}
                          title="Wolf"
                        >
                          <span
                            style={
                              Object {
                                "backgroundColor": "#8e91a1",
                              }
                            }
                          />
                        </div>
                      </ColorPickerSwatch>
                      <ColorPickerSwatch
                        hex="#383846"
                        key="Pepper"
                        name="Pepper"
                        onClick={[Function]}
                        testID="color-picker"
                      >
                        <div
                          className="color-picker--swatch"
                          data-testid="color-picker--swatch"
                          onClick={[Function]}
                          title="Pepper"
                        >
                          <span
                            style={
                              Object {
                                "backgroundColor": "#383846",
                              }
                            }
                          />
                        </div>
                      </ColorPickerSwatch>
                      <ColorPickerSwatch
                        hex="#0f0e15"
                        key="Obsidian"
                        name="Obsidian"
                        onClick={[Function]}
                        testID="color-picker"
                      >
                        <div
                          className="color-picker--swatch"
                          data-testid="color-picker--swatch"
                          onClick={[Function]}
                          title="Obsidian"
                        >
                          <span
                            style={
                              Object {
                                "backgroundColor": "#0f0e15",
                              }
                            }
                          />
                        </div>
                      </ColorPickerSwatch>
                    </div>
                    <div
                      className="color-picker--form"
                    >
                      <Input
                        autoFocus={false}
                        autocomplete="off"
                        customClass="color-picker--input"
                        disabledTitleText="This input is disabled"
                        maxLength={7}
                        name=""
                        onBlur={[Function]}
                        onChange={[Function]}
                        placeholder="#000000"
                        size="sm"
                        spellCheck={false}
                        status="valid"
                        testID="color-picker--input"
                        titleText=""
                        type="text"
                        value=""
                      >
                        <div
                          className="input input-sm input--valid color-picker--input"
                          style={
                            Object {
                              "width": "100%",
                            }
                          }
                        >
                          <input
                            autoComplete="off"
                            autoFocus={false}
                            className="input-field"
                            data-testid="color-picker--input"
                            disabled={false}
                            maxLength={7}
                            name=""
                            onBlur={[Function]}
                            onChange={[Function]}
                            placeholder="#000000"
                            spellCheck={false}
                            title=""
                            type="text"
                            value=""
                          />
                          <span
                            className="input-status icon checkmark data-testid=\\"input-valid\\""
                          />
                          <div
                            className="input-shadow"
                          />
                        </div>
                      </Input>
                      <div
                        className="color-picker--selected"
                        style={
                          Object {
                            "backgroundColor": "",
                          }
                        }
                      />
                      <t
                        active={false}
                        color="default"
                        icon="refresh"
                        onClick={[Function]}
                        shape="square"
                        size="sm"
                        status="default"
                        testID="color-picker--randomize"
                        titleText="I'm feeling lucky"
                        type="button"
                      >
                        <button
                          className="button button-sm button-default button-square"
                          data-testid="color-picker--randomize"
                          disabled={false}
                          onClick={[Function]}
                          tabIndex={0}
                          title="I'm feeling lucky"
                          type="button"
                        >
                          <span
                            className="button-icon icon refresh"
                          />
                        </button>
                      </t>
                    </div>
                  </div>
                </ColorPicker>
              </div>
            </GridColumn>
          </div>
        </GridRow>
      </Select>
    </div>
  </Grid>
</Settings>
`;
