-- Test Setup: InfluxQLSelectSupport
-- InfluxQL: SHOW FIELD KEYS;
name: cpu
+--------------+-----------+
| fieldKey     | fieldType |
+--------------+-----------+
| usage_idle   | float     |
| usage_system | float     |
+--------------+-----------+
name: disk
+------------+-----------+
| fieldKey   | fieldType |
+------------+-----------+
| bytes_free | integer   |
| bytes_used | integer   |
+------------+-----------+
name: m0
+----------+-----------+
| fieldKey | fieldType |
+----------+-----------+
| f64      | float     |
| i64      | integer   |
| str      | string    |
+----------+-----------+
name: m1
+----------+-----------+
| fieldKey | fieldType |
+----------+-----------+
| f64      | float     |
| i64      | integer   |
| str      | string    |
+----------+-----------+
name: m2
+----------+-----------+
| fieldKey | fieldType |
+----------+-----------+
| f64      | float     |
+----------+-----------+
name: m3
+----------+-----------+
| fieldKey | fieldType |
+----------+-----------+
| u64      | unsigned  |
+----------+-----------+
-- InfluxQL: SHOW FIELD KEYS LIMIT 2;
name: cpu
+--------------+-----------+
| fieldKey     | fieldType |
+--------------+-----------+
| usage_idle   | float     |
| usage_system | float     |
+--------------+-----------+
name: disk
+------------+-----------+
| fieldKey   | fieldType |
+------------+-----------+
| bytes_free | integer   |
| bytes_used | integer   |
+------------+-----------+
name: m0
+----------+-----------+
| fieldKey | fieldType |
+----------+-----------+
| f64      | float     |
| i64      | integer   |
+----------+-----------+
name: m1
+----------+-----------+
| fieldKey | fieldType |
+----------+-----------+
| f64      | float     |
| i64      | integer   |
+----------+-----------+
name: m2
+----------+-----------+
| fieldKey | fieldType |
+----------+-----------+
| f64      | float     |
+----------+-----------+
name: m3
+----------+-----------+
| fieldKey | fieldType |
+----------+-----------+
| u64      | unsigned  |
+----------+-----------+
-- InfluxQL: SHOW FIELD KEYS OFFSET 1;
name: cpu
+--------------+-----------+
| fieldKey     | fieldType |
+--------------+-----------+
| usage_system | float     |
+--------------+-----------+
name: disk
+------------+-----------+
| fieldKey   | fieldType |
+------------+-----------+
| bytes_used | integer   |
+------------+-----------+
name: m0
+----------+-----------+
| fieldKey | fieldType |
+----------+-----------+
| i64      | integer   |
| str      | string    |
+----------+-----------+
name: m1
+----------+-----------+
| fieldKey | fieldType |
+----------+-----------+
| i64      | integer   |
| str      | string    |
+----------+-----------+
-- InfluxQL: SHOW FIELD KEYS LIMIT 1 OFFSET 2;
name: m0
+----------+-----------+
| fieldKey | fieldType |
+----------+-----------+
| str      | string    |
+----------+-----------+
name: m1
+----------+-----------+
| fieldKey | fieldType |
+----------+-----------+
| str      | string    |
+----------+-----------+
-- InfluxQL: SHOW FIELD KEYS FROM cpu;
name: cpu
+--------------+-----------+
| fieldKey     | fieldType |
+--------------+-----------+
| usage_idle   | float     |
| usage_system | float     |
+--------------+-----------+
-- InfluxQL: SHOW FIELD KEYS FROM disk,cpu,disk;
name: cpu
+--------------+-----------+
| fieldKey     | fieldType |
+--------------+-----------+
| usage_idle   | float     |
| usage_system | float     |
+--------------+-----------+
name: disk
+------------+-----------+
| fieldKey   | fieldType |
+------------+-----------+
| bytes_free | integer   |
| bytes_used | integer   |
+------------+-----------+
-- InfluxQL: SHOW FIELD KEYS FROM cpu,disk,cpu;
name: cpu
+--------------+-----------+
| fieldKey     | fieldType |
+--------------+-----------+
| usage_idle   | float     |
| usage_system | float     |
+--------------+-----------+
name: disk
+------------+-----------+
| fieldKey   | fieldType |
+------------+-----------+
| bytes_free | integer   |
| bytes_used | integer   |
+------------+-----------+
-- InfluxQL: SHOW FIELD KEYS FROM /m.*/;
name: m0
+----------+-----------+
| fieldKey | fieldType |
+----------+-----------+
| f64      | float     |
| i64      | integer   |
| str      | string    |
+----------+-----------+
name: m1
+----------+-----------+
| fieldKey | fieldType |
+----------+-----------+
| f64      | float     |
| i64      | integer   |
| str      | string    |
+----------+-----------+
name: m2
+----------+-----------+
| fieldKey | fieldType |
+----------+-----------+
| f64      | float     |
+----------+-----------+
name: m3
+----------+-----------+
| fieldKey | fieldType |
+----------+-----------+
| u64      | unsigned  |
+----------+-----------+
-- InfluxQL: SHOW FIELD KEYS FROM /d\isk/;
name: disk
+------------+-----------+
| fieldKey   | fieldType |
+------------+-----------+
| bytes_free | integer   |
| bytes_used | integer   |
+------------+-----------+
-- InfluxQL: SHOW FIELD KEYS FROM does_not_exist;
-- InfluxQL: SHOW FIELD KEYS ON my_db;
Error while planning query: This feature is not implemented: SHOW FIELD KEYS ON <database>
-- InfluxQL: SHOW FIELD KEYS FROM x.my_db;
Error while planning query: This feature is not implemented: retention policy in from clause
-- InfluxQL: SHOW FIELD KEYS FROM x.y.my_db;
Error while planning query: This feature is not implemented: database name in from clause