---
source: influxdb_influxql_parser/src/visit_mut.rs
expression: "visit_statement!(\"SHOW MEASUREMENTS WHERE host = 'west'\")"
---
- pre_visit_statement
- pre_visit_show_measurements_statement
- pre_visit_where_clause
- pre_visit_conditional_expression
- pre_visit_conditional_binary
- pre_visit_conditional_expression
- pre_visit_expr
- pre_visit_var_ref
- post_visit_var_ref
- post_visit_expr
- post_visit_conditional_expression
- pre_visit_conditional_expression
- pre_visit_expr
- pre_visit_literal
- post_visit_literal
- post_visit_expr
- post_visit_conditional_expression
- post_visit_conditional_binary
- post_visit_conditional_expression
- post_visit_where_clause
- post_visit_show_measurements_statement
- post_visit_statement

