---
source: influxdb_influxql_parser/src/visit_mut.rs
expression: "visit_statement!(\"SHOW TAG KEYS\")"
---
- "pre_visit_statement: ShowTagKeys(ShowTagKeysStatement { database: None, from: None, condition: None, limit: None, offset: None })"
- "pre_visit_show_tag_keys_statement: ShowTagKeysStatement { database: None, from: None, condition: None, limit: None, offset: None }"
- "post_visit_show_tag_keys_statement: ShowTagKeysStatement { database: None, from: None, condition: None, limit: None, offset: None }"
- "post_visit_statement: ShowTagKeys(ShowTagKeysStatement { database: None, from: None, condition: None, limit: None, offset: None })"

