---
source: influxdb_influxql_parser/src/visit_mut.rs
expression: "visit_statement!(\"SHOW RETENTION POLICIES ON telegraf\")"
---
- pre_visit_statement
- pre_visit_show_retention_policies_statement
- pre_visit_on_clause
- post_visit_on_clause
- post_visit_show_retention_policies_statement
- post_visit_statement

