---
source: influxdb_influxql_parser/src/visit.rs
expression: "visit_statement!(\"EXPLAIN SHOW TAG VALUES WITH KEY = \\\"Key\\\"\")"
---
- pre_visit_statement
- pre_visit_explain_statement
- pre_visit_statement
- pre_visit_show_tag_values_statement
- pre_visit_with_key_clause
- post_visit_with_key_clause
- post_visit_show_tag_values_statement
- post_visit_statement
- post_visit_explain_statement
- post_visit_statement

