---
source: influxdb_influxql_parser/src/visit_mut.rs
expression: "visit_statement!(\"SHOW MEASUREMENTS OFFSET 10\")"
---
- pre_visit_statement
- pre_visit_show_measurements_statement
- pre_visit_offset_clause
- post_visit_offset_clause
- post_visit_show_measurements_statement
- post_visit_statement

