---
source: influxdb3_catalog/src/catalog/versions/v2/update.rs
expression: catalog.snapshot()
---
{
  "generation_config": {
    "generation_durations": []
  },
  "nodes": {
    "repo": [],
    "next_id": 0
  },
  "databases": {
    "repo": [
      [
        0,
        {
          "id": 0,
          "name": "_internal",
          "tables": {
            "repo": [],
            "next_id": 0
          },
          "retention_period": "Indefinite",
          "processing_engine_triggers": {
            "repo": [],
            "next_id": 0
          },
          "deleted": false,
          "hard_delete_time": null
        }
      ],
      [
        1,
        {
          "id": 1,
          "name": "foo",
          "tables": {
            "repo": [
              [
                0,
                {
                  "table_id": 0,
                  "table_name": "bar",
                  "key": [
                    0,
                    1,
                    2
                  ],
                  "columns": {
                    "repo": [
                      {
                        "tag": {
                          "id": 0,
                          "column_id": 0,
                          "name": "tag02"
                        }
                      },
                      {
                        "tag": {
                          "id": 1,
                          "column_id": 1,
                          "name": "tag01"
                        }
                      },
                      {
                        "tag": {
                          "id": 2,
                          "column_id": 2,
                          "name": "tag03"
                        }
                      },
                      {
                        "field": {
                          "id": [
                            0,
                            0
                          ],
                          "column_id": 3,
                          "name": "ff1::str",
                          "data_type": "String"
                        }
                      },
                      {
                        "field": {
                          "id": [
                            0,
                            1
                          ],
                          "column_id": 4,
                          "name": "ff1::f64",
                          "data_type": "Float"
                        }
                      },
                      {
                        "field": {
                          "id": [
                            1,
                            0
                          ],
                          "column_id": 5,
                          "name": "ff2::f64",
                          "data_type": "Float"
                        }
                      },
                      {
                        "field": {
                          "id": [
                            1,
                            1
                          ],
                          "column_id": 6,
                          "name": "ff2::i64",
                          "data_type": "Integer"
                        }
                      },
                      {
                        "field": {
                          "id": [
                            2,
                            0
                          ],
                          "column_id": 7,
                          "name": "ff3::u64",
                          "data_type": "UInteger"
                        }
                      },
                      {
                        "field": {
                          "id": [
                            2,
                            1
                          ],
                          "column_id": 8,
                          "name": "ff3::bool",
                          "data_type": "Boolean"
                        }
                      },
                      {
                        "timestamp": {
                          "column_id": 9,
                          "name": "time"
                        }
                      }
                    ],
                    "next_id": 10
                  },
                  "field_families": {
                    "repo": [
                      [
                        0,
                        {
                          "name": {
                            "user": "ff1"
                          },
                          "id": 0
                        }
                      ],
                      [
                        1,
                        {
                          "name": {
                            "user": "ff2"
                          },
                          "id": 1
                        }
                      ],
                      [
                        2,
                        {
                          "name": {
                            "user": "ff3"
                          },
                          "id": 2
                        }
                      ]
                    ],
                    "next_id": 3
                  },
                  "last_caches": {
                    "repo": [],
                    "next_id": 0
                  },
                  "distinct_caches": {
                    "repo": [],
                    "next_id": 0
                  },
                  "deleted": false,
                  "hard_delete_time": null,
                  "field_family_mode": "aware"
                }
              ]
            ],
            "next_id": 1
          },
          "retention_period": "Indefinite",
          "processing_engine_triggers": {
            "repo": [],
            "next_id": 0
          },
          "deleted": false,
          "hard_delete_time": null
        }
      ]
    ],
    "next_id": 2
  },
  "sequence": 3,
  "tokens": {
    "repo": [],
    "next_id": 0
  },
  "catalog_id": "test",
  "catalog_uuid": "[uuid]"
}
